// Jest Snapshot v1, https://goo.gl/fbAQLP

exports[`Matches the snapshot 1`] = `
<div
  className="flex items-center flex-grow justify-end"
>
  <a
    href="/dashboard"
    onClick={[Function]}
  >
    <img
      alt="search"
      className="mx-3 search"
      src="search.png"
    />
  </a>
  <a
    href="/dashboard/edit-profile"
    onClick={[Function]}
  >
    <img
      alt="user"
      className="mx-3 userImage"
      src="https://randomuser.me/api/portraits/med/men/75.jpg"
    />
  </a>
  <a
    href="/"
    onClick={[Function]}
  >
    <img
      alt="logout"
      className="mx-3 logoutBtn"
      src="https://toppng.com/uploads/preview/logout-comments-logout-icon-white-transparent-11563200974vvdol0inuw.png"
    />
  </a>
</div>
`;
