// Jest Snapshot v1, https://goo.gl/fbAQLP

exports[`Matches the snapshot 1`] = `
<div
  className="flex ml-32 items-center flex-wrap"
>
  <div
    className="mx-6 font-normal"
    id="home-btn"
  >
    <a
      href="/dashboard"
      onClick={[Function]}
    >
      Home
    </a>
  </div>
  <div
    className="mx-6"
    id="movies-btn"
  >
    <a
      href="/dashboard"
      onClick={[Function]}
    >
      Movies
    </a>
  </div>
  <div
    className="mx-6"
    id="series-btn"
  >
    <a
      href="/dashboard"
      onClick={[Function]}
    >
      Series
    </a>
  </div>
  <div
    className="mx-6"
    id="recently-added-btn"
  >
    <a
      href="/dashboard"
      onClick={[Function]}
    >
      Recently Added
    </a>
  </div>
  <div
    className="mx-6"
    id="my-list-btn"
  >
    <a
      href="/dashboard/my-list"
      onClick={[Function]}
    >
      My List
    </a>
  </div>
</div>
`;
