// Jest Snapshot v1, https://goo.gl/fbAQLP

exports[`matches the snapshot 1`] = `
<div
  className="mr-2 mb-4"
>
  <img
    alt="some-movie"
    className="max-w-sm max-h-48"
    src="some-url"
  />
  <div
    className="flex mt-1"
  >
    <div
      className="currentProgressBar"
      style={
        Object {
          "width": "80%",
        }
      }
    />
    <div
      className="leftProgressBar"
      style={
        Object {
          "width": "20%",
        }
      }
    />
  </div>
</div>
`;
